// Jest Snapshot v1, https://goo.gl/fbAQLP

exports[`matches snapshot 1`] = `
<footer
  className="Footer"
>
  <p>
    Anton Zhekov SoftUni project Â© 2020
  </p>
</footer>
`;
