// Jest Snapshot v1, https://goo.gl/fbAQLP

exports[`matches snapshot 1`] = `
<div
  className="col-md-6 offset-md-3"
>
  <div
    className="AddSubcategory"
  >
    <h1>
      Add Subcategory
    </h1>
    <form
      className=""
      onSubmit={[Function]}
    >
      <div
        className="form-row"
      >
        <div
          className="col"
        >
          <div
            className="form-group"
          >
            <label
              className="form-label"
            >
              Category
            </label>
            <select
              className="form-control"
              name="category"
              onChange={[Function]}
              value=""
            >
              <option />
              <option>
                honey
              </option>
              <option>
                cosmetics
              </option>
              <option>
                other bee products
              </option>
              <option>
                apitherapy
              </option>
            </select>
            <div
              className="invalid-feedback"
            />
            <div
              className="valid-feedback"
            >
              Look's good
            </div>
          </div>
        </div>
        <div
          className="col"
        >
          <div
            className="form-group"
          >
            <label
              className="form-label"
            >
              Subcategory
            </label>
            <input
              className="form-control"
              name="subcategory"
              onChange={[Function]}
              placeholder="Subcategory name"
              type="text"
              value=""
            />
            <div
              className="invalid-feedback"
            />
            <div
              className="valid-feedback"
            >
              Look's good
            </div>
          </div>
        </div>
      </div>
      <div
        className="form-row"
      >
        <div
          className="col"
        >
          <div
            className="form-group"
          >
            <label
              className="form-label"
            >
              Description
            </label>
            <input
              className="form-control"
              name="description"
              onChange={[Function]}
              placeholder="Description"
              type="text"
              value=""
            />
            <div
              className="invalid-feedback"
            />
            <div
              className="valid-feedback"
            >
              Look's good
            </div>
          </div>
        </div>
      </div>
      <div
        className="form-row"
      >
        <div
          className="col"
        >
          <div>
            <div
              className="drop-zone"
              onBlur={[Function]}
              onClick={[Function]}
              onDragEnter={[Function]}
              onDragLeave={[Function]}
              onDragOver={[Function]}
              onDrop={[Function]}
              onFocus={[Function]}
              onKeyDown={[Function]}
              tabIndex={0}
            >
              <input
                accept="image/jpeg, image/png"
                autoComplete="off"
                multiple={false}
                onChange={[Function]}
                onClick={[Function]}
                style={
                  Object {
                    "display": "none",
                  }
                }
                tabIndex={-1}
                type="file"
              />
              Click to select image or drag it here.
            </div>
            <br />
            <div />
            <br />
          </div>
        </div>
        <div
          className="col"
        >
          <input
            className="form-control is-invalid"
            disabled={true}
            placeholder="Image Url"
            type="text"
            value=""
          />
          <div
            className="invalid-feedback"
          >
            
          </div>
          <div
            className="valid-feedback"
          >
            Look's good
          </div>
        </div>
      </div>
      <div
        className="form-row"
      >
        <div
          className="col"
        >
          <button
            className="btn btn-warning"
            disabled={true}
            type="submit"
          >
            Add Subcategory
          </button>
        </div>
      </div>
    </form>
  </div>
</div>
`;
